[v3.bootcss.com/index.html]
[backblue.gif]
[fade.gif]
[index.html]
[v3.bootcss.com/dist/css/bootstrap.min.css]
[v3.bootcss.com/docs-assets/css/docs.css]
[v3.bootcss.com/docs-assets/ico/apple-touch-icon-144-precomposed.png]
[cdn.bootcss.com/highlight.js/7.3/styles/github.min.css]
[v3.bootcss.com/docs-assets/ico/favicon.png]
[v3.bootcss.com/getting-started/index.html]
[cdn.bootcss.com/jquery/1.10.2/jquery.min.js]
[v3.bootcss.com/css/index.html]
[v3.bootcss.com/components/index.html]
[v3.bootcss.com/dist/js/bootstrap.js]
[v3.bootcss.com/customize/index.html]
[v3.bootcss.com/javascript/index.html]
[v3.bootcss.com/about/index.html]
[cdn.bootcss.com/holder/2.0/holder.min.js]
[cdn.bootcss.com/highlight.js/7.3/highlight.min.js]
[v3.bootcss.com/index.html]
[v3.bootcss.com/docs-assets/js/application.js]
[v3.bootcss.com/dist/fonts/glyphicons-halflings-regular.woff]
[v3.bootcss.com/dist/fonts/glyphicons-halflings-regular.eot]
[v3.bootcss.com/dist/fonts/glyphicons-halflings-regular.svg]
[v3.bootcss.com/dist/css/bootstrap.min.css]
[v3.bootcss.com/docs-assets/css/docs.css]
[cdn.bootcss.com/highlight.js/7.3/styles/github.min.css]
[v3.bootcss.com/examples/screenshots/starter-template.jpg]
[v3.bootcss.com/examples/starter-template/index.html]
[v3.bootcss.com/dist/fonts/glyphicons-halflings-regulard41d.eot]
[v3.bootcss.com/examples/screenshots/grid.jpg]
[v3.bootcss.com/dist/fonts/glyphicons-halflings-regular.ttf]
[v3.bootcss.com/examples/screenshots/jumbotron.jpg]
[v3.bootcss.com/examples/grid/index.html]
[v3.bootcss.com/examples/jumbotron/index.html]
[v3.bootcss.com/examples/screenshots/jumbotron-narrow.jpg]
[v3.bootcss.com/examples/jumbotron-narrow/index.html]
[v3.bootcss.com/examples/screenshots/navbar.jpg]
[v3.bootcss.com/examples/screenshots/navbar-static.jpg]
[v3.bootcss.com/examples/navbar/index.html]
[v3.bootcss.com/examples/screenshots/navbar-fixed.jpg]
[v3.bootcss.com/examples/navbar-static-top/index.html]
[v3.bootcss.com/examples/screenshots/sign-in.jpg]
[v3.bootcss.com/examples/navbar-fixed-top/index.html]
[v3.bootcss.com/examples/screenshots/sticky-footer.jpg]
[v3.bootcss.com/examples/screenshots/sticky-footer-navbar.jpg]
[v3.bootcss.com/examples/signin/index.html]
[v3.bootcss.com/examples/screenshots/justified-nav.jpg]
[v3.bootcss.com/examples/sticky-footer/index.html]
[v3.bootcss.com/examples/screenshots/offcanvas.jpg]
[v3.bootcss.com/examples/sticky-footer-navbar/index.html]
[v3.bootcss.com/examples/screenshots/carousel.jpg]
[v3.bootcss.com/examples/justified-nav/index.html]
[v3.bootcss.com/examples/screenshots/non-responsive.jpg]
[v3.bootcss.com/examples/offcanvas/index.html]
[v3.bootcss.com/examples/screenshots/theme.jpg]
[v3.bootcss.com/getting-started/index.html]
[v3.bootcss.com/examples/carousel/index.html]
[v3.bootcss.com/css/index.html]
[v3.bootcss.com/examples/non-responsive/index.html]
[v3.bootcss.com/components/index.html]
[v3.bootcss.com/javascript/index.html]
[v3.bootcss.com/examples/theme/index.html]
[cdn.bootcss.com/less.js/1.3.3/less.min.js]
[cdn.bootcss.com/jszip/2.0.0/jszip.js]
[v3.bootcss.com/docs-assets/js/filesaver.js]
[v3.bootcss.com/customize/index.html]
[v3.bootcss.com/docs-assets/js/customizer.js]
[v3.bootcss.com/about/index.html]
[cdn.bootcss.com/jquery/1.10.2/jquery.min.js]
[cdn.bootcss.com/holder/2.0/holder.min.js]
[cdn.bootcss.com/highlight.js/7.3/highlight.min.js]
[v3.bootcss.com/dist/fonts/glyphicons-halflings-regular.svg]
[v3.bootcss.com/docs-assets/js/uglify.js]
[v3.bootcss.com/dist/css/bootstrap.css]
[v3.bootcss.com/examples/starter-template/index.html]
[v3.bootcss.com/examples/grid/grid.css]
[v3.bootcss.com/examples/grid/index.html]
[v3.bootcss.com/dist/js/bootstrap.min.js]
[v3.bootcss.com/examples/jumbotron/index.html]
[v3.bootcss.com/examples/jumbotron-narrow/index.html]
[v3.bootcss.com/examples/jumbotron-narrow/jumbotron-narrow.css]
[v3.bootcss.com/examples/navbar/index.html]
[v3.bootcss.com/examples/navbar-static-top/index.html]
[v3.bootcss.com/examples/navbar-fixed-top/index.html]
[v3.bootcss.com/examples/signin/index.html]
[v3.bootcss.com/examples/signin/signin.css]
[v3.bootcss.com/examples/sticky-footer/sticky-footer.css]
[v3.bootcss.com/examples/sticky-footer/index.html]
[v3.bootcss.com/examples/sticky-footer-navbar/sticky-footer-navbar.css]
[v3.bootcss.com/examples/sticky-footer-navbar/index.html]
[v3.bootcss.com/examples/justified-nav/index.html]
[v3.bootcss.com/examples/justified-nav/justified-nav.css]
[v3.bootcss.com/examples/offcanvas/offcanvas.css]
[v3.bootcss.com/examples/offcanvas/offcanvas.js]
[v3.bootcss.com/examples/offcanvas/index.html]
[v3.bootcss.com/examples/carousel/index.html]
[v3.bootcss.com/examples/carousel/carousel.css]
[v3.bootcss.com/examples/non-responsive/index.html]
[v3.bootcss.com/examples/non-responsive/non-responsive.css]
[v3.bootcss.com/dist/css/bootstrap-theme.min.css]
[v3.bootcss.com/examples/theme/index.html]
[cdn.bootcss.com/less.js/1.3.3/less.min.js]
[cdn.bootcss.com/jszip/2.0.0/jszip.js]
[v3.bootcss.com/docs-assets/js/raw-files.js]
[v3.bootcss.com/dist/css/bootstrap.css]
[v3.bootcss.com/examples/starter-template/starter-template.css]
[v3.bootcss.com/examples/grid/grid.css]
[v3.bootcss.com/examples/jumbotron/jumbotron.css]
[v3.bootcss.com/examples/jumbotron-narrow/jumbotron-narrow.css]
[v3.bootcss.com/examples/navbar/navbar.css]
[v3.bootcss.com/examples/navbar-static-top/navbar-static-top.css]
[v3.bootcss.com/examples/navbar-fixed-top/navbar-fixed-top.css]
[v3.bootcss.com/examples/signin/signin.css]
[v3.bootcss.com/examples/sticky-footer/sticky-footer.css]
[v3.bootcss.com/examples/sticky-footer-navbar/sticky-footer-navbar.css]
[v3.bootcss.com/examples/justified-nav/justified-nav.css]
[v3.bootcss.com/examples/offcanvas/offcanvas.css]
[v3.bootcss.com/examples/carousel/carousel.css]
[v3.bootcss.com/examples/non-responsive/non-responsive.css]
[v3.bootcss.com/dist/css/bootstrap-theme.min.css]
[v3.bootcss.com/examples/theme/theme.css]
[v3.bootcss.com/customize/GET.html]
